// Jest Snapshot v1, https://goo.gl/fbAQLP

exports[`ChartHeader should render as expected 1`] = `
<tr>
  <th
    width="16%"
  >
    Title
    <div
      class="SortArrows"
    >
      <div
        align="right"
      >
        <img
          alt="Up"
          class="icon"
          id="upArrow"
          src="uparrow.png"
          width="20"
        />
        <img
          alt="Down"
          class="icon"
          id="downArrow"
          src="downarrow.png"
          width="20"
        />
      </div>
    </div>
  </th>
  <th
    width="6%"
  >
    Release Year
    <div
      class="SortArrows"
    >
      <div
        align="right"
      >
        <img
          alt="Up"
          class="icon"
          id="upArrow"
          src="uparrow.png"
          width="20"
        />
        <img
          alt="Down"
          class="icon"
          id="downArrow"
          src="downarrow.png"
          width="20"
        />
      </div>
    </div>
  </th>
  <th
    width="12%"
  >
    Director
    <div
      class="SortArrows"
    >
      <div
        align="right"
      >
        <img
          alt="Up"
          class="icon"
          id="upArrow"
          src="uparrow.png"
          width="20"
        />
        <img
          alt="Down"
          class="icon"
          id="downArrow"
          src="downarrow.png"
          width="20"
        />
      </div>
    </div>
  </th>
  <th
    width="2%"
  >
    IMDB Rating/10
    <div
      class="SortArrows"
    >
      <div
        align="right"
      >
        <img
          alt="Up"
          class="icon"
          id="upArrow"
          src="uparrow.png"
          width="20"
        />
        <img
          alt="Down"
          class="icon"
          id="downArrow"
          src="downarrow.png"
          width="20"
        />
      </div>
    </div>
  </th>
  <th
    width="8%"
  >
    Subgenre
    <div
      class="SortArrows"
    >
      <div
        align="right"
      >
        <img
          alt="Up"
          class="icon"
          id="upArrow"
          src="uparrow.png"
          width="20"
        />
        <img
          alt="Down"
          class="icon"
          id="downArrow"
          src="downarrow.png"
          width="20"
        />
      </div>
    </div>
  </th>
  <th
    width="15%"
  >
    Lead Actor(s)
  </th>
  <th
    width="50%"
  >
    Plot Summary
  </th>
  <th
    width="2%"
  >
    Runtime (minutes)
    <div
      class="SortArrows"
    >
      <div
        align="right"
      >
        <img
          alt="Up"
          class="icon"
          id="upArrow"
          src="uparrow.png"
          width="20"
        />
        <img
          alt="Down"
          class="icon"
          id="downArrow"
          src="downarrow.png"
          width="20"
        />
      </div>
    </div>
  </th>
</tr>
`;
